
> watersong-website@0.1.0 build
> next build

Γû▓ Next.js 16.1.6 (Turbopack)

  Creating an optimized production build ...
node.exe : Error: 
Cannot apply unknown 
utility class 
`border-border`. Are 
you using CSS modules 
or similar and missing 
`@reference`? https://t
ailwindcss.com/docs/fun
ctions-and-directives#r
eference-directive
At line:1 char:1
+ & "C:\Program 
Files\nodejs/node.exe" 
"C:\Program 
Files\nodejs/node_mo 
...
+ ~~~~~~~~~~~~~~~~~~~~~
~~~~~~~~~~~~~~~~~~~~~~~
~~~~~~~~~~~~~~~~~~~~~~~
~~
    + CategoryInfo     
         : NotSpecifi  
  ed: (Error: Cannot   
  a...rence-directi    
ve:String) [], Rem    
oteException
    + FullyQualifiedEr 
   rorId : NativeComm  
  andError
 
    [2m[at 
onInvalidCandidate (D:\
thardeye_projects\water
song-website\node_modul
es\tailwindcss\dist\lib
.js:21:1314)][0m
    [2m[at Ee (D:\thar
deye_projects\watersong
-website\node_modules\t
ailwindcss\dist\lib.js:
16:37066)][0m
    [2m[at D:\thardeye
_projects\watersong-web
site\node_modules\tailw
indcss\dist\lib.js:21:3
55][0m
    [2m[at Pr (D:\thar
deye_projects\watersong
-website\node_modules\t
ailwindcss\dist\lib.js:
3:1733)][0m
    [2m[at _ (D:\thard
eye_projects\watersong-
website\node_modules\ta
ilwindcss\dist\lib.js:3
:1377)][0m
    [2m[at Te (D:\thar
deye_projects\watersong
-website\node_modules\t
ailwindcss\dist\lib.js:
21:172)][0m
    [2m[at pn (D:\thar
deye_projects\watersong
-website\node_modules\t
ailwindcss\dist\lib.js:
38:294)][0m
    [2m[at process.pro
cessTicksAndRejections 
(node:internal/process/
task_queues:103:5)][0m
    [2m[at async dn (D
:\thardeye_projects\wat
ersong-website\node_mod
ules\tailwindcss\dist\l
ib.js:38:631)][0m
    [2m[at async Xr (D
:\thardeye_projects\wat
ersong-website\node_mod
ules\@tailwindcss\node\
dist\index.js:10:3417)]
[0m

> Build error occurred
Error: Turbopack build 
failed with 1 errors:
./app/globals.css
Error evaluating 
Node.js code
CssSyntaxError: 
tailwindcss: D:\thardey
e_projects\watersong-we
bsite\app\globals.css:1
:1: Cannot apply 
unknown utility class 
`border-border`. Are 
you using CSS modules 
or similar and missing 
`@reference`? https://t
ailwindcss.com/docs/fun
ctions-and-directives#r
eference-directive
    at Input.error (nod
e_modules/postcss/lib/i
nput.js:135:16) [D:\tha
rdeye_projects\waterson
g-website\.next\build\c
hunks\node_modules_fe69
3df6._.js:4651:22]
    at Root.error (node
_modules/postcss/lib/no
de.js:146:32) [D:\thard
eye_projects\watersong-
website\.next\build\chu
nks\node_modules_fe693d
f6._.js:928:38]
    [at Object.Once (D:
\thardeye_projects\wate
rsong-website\node_modu
les\@tailwindcss\postcs
s\dist\index.js:10:6913
)]
    [at process.process
TicksAndRejections (nod
e:internal/process/task
_queues:103:5)]
    at async 
LazyResult.runAsync (no
de_modules/postcss/lib/
lazy-result.js:293:11) 
[D:\thardeye_projects\w
atersong-website\.next\
build\chunks\node_modul
es_fe693df6._.js:6214:2
1]
    at async transform 
(turbopack:///[turbopac
k-node]/transforms/post
css.ts:70:34) [D:\thard
eye_projects\watersong-
website\.next\build\chu
nks\[root-of-the-server
]__51225daf._.js:146:36
]
    at async run (turbo
pack:///[turbopack-node
]/ipc/evaluate.ts:92:23
) [D:\thardeye_projects
\watersong-website\.nex
t\build\chunks\[root-of
-the-server]__974941ed.
_.js:443:31]

Import trace:
  Client Component 
Browser:
    ./app/globals.css 
[Client Component 
Browser]
    ./app/layout.tsx 
[Server Component]


    at async transform 
(turbopack:///[turbopac
k-node]/transforms/post
css.ts:70:34) [D:\thard
eye_projects\watersong-
website\.next\build\chu
nks\[root-of-the-server
]__51225daf._.js:146:36
])
    at async run (turbo
pack:///[turbopack-node
]/ipc/evaluate.ts:92:23
) [D:\thardeye_projects
\watersong-website\.nex
t\build\chunks\[root-of
-the-server]__974941ed.
_.js:443:31])
